// Jest Snapshot v1, https://goo.gl/fbAQLP

exports[`renders correctly 1`] = `
<div>
  <div
    className="page-header"
  >
    <h1
      className="text-center"
    >
      IMDB Top 10 Rated Movies
    </h1>
  </div>
  <p
    className="loading"
  >
    Loading top 10 list...
  </p>
</div>
`;
